
                        Y O U      H A V E      B E E N
                               _
                            ==(W{==========-      /===-
                              ||  (.--.)         /===-_---~~~~~~~~~------____
                              | \_,|**|,__      |===-~___                _,-' `
                 -==\\        `\ ' `--'   ),    `//~\\   ~~~~`---.___.-~~
             ______-==|        /`\_. .__/\ \    | |  \\           _-~`
       __--~~~  ,-/-==\\      (   | .  |~~~~|   | |   `\        ,'
    _-~       /'    |  \\     )__/==0==-\<>/   / /      \      /
  .'        /       |   \\      /~\___/~~\/  /' /        \   /'
 /  ____  /         |    \`\.__/-~~   \  |_/'  /          \/'
/-'~    ~~~~~---__  |     ~-/~         ( )   /'        _--~`
                  \_|      /        _) | ;  ),   __--~~
                    '~~--_/      _-~/- |/ \   '-~ \             
                   {\__--_/}    / \\_>-|)<__\      \
                   /'   (_/  _-~  | |__>--<__|      | 
                  |   _/) )-~     | |__>--<__|      |   
                  / /~ ,_/       / /__>---<__/      |  
                 o-o _//        /-~_>---<__-~      / 
                 (^(~          /~_>---<__-      _-~              
                ,/|           /__>--<__/     _-~                 
             ,//('(          |__>--<__|     /                  .----_ 
            ( ( '))          |__>--<__|    |                 /' _---_~\
         `-)) )) (           |__>--<__|    |               /'  /     ~\`\
        ,/,'//( (             \__>--<__\    \            /'  //        ||
      ,( ( ((, ))              ~-__>--<_~-_  ~--____---~' _/'/        /'
    `~/  )` ) ,/|                 ~-_~>--<_/-__       __-~ _/ 
  ._-~//( )/ )) `                    ~~-'_/_/ /~~~~~~~__--~ 
   ;'( ')/ ,)(                              ~~~~~~~~~~ 
  ' ') '( (/
    '   '  `             
                                  P A R M E D

ParmEd: a Parameter file Editor


['ti-merged.in']
Reading actions from ti-merged.in

Adding prmtop complex.prmtop to parm list. complex.prmtop is the active parm.
Loading restart file complex.inpcrd
Files are overwritable
Merging molecules [:1-3] [:4-6] with sc mask [:2] [:5]
Merging molecules :1-3 and :4-6 into the same molecule.
Use softcore mask:
timask1='@7,8,9,10,11,12,13,14,15,16,17,18,19,20,21,22',
timask2='@29,30,31,32,33,34,35,36,37,38,39,40,41,42,43,44',
scmask1='@7,8,9,10,11,12,13,14,15,16,17,18,19,20,21,22',
scmask2='@29,30,31,32,33,34,35,36,37,38,39,40,41,42,43,44',
Outputting Amber topology file merged.parm7 and restart merged.rst7
Done!
